// Jest Snapshot v1, https://goo.gl/fbAQLP

exports[`ArticleList renders correctly 1`] = `
<div>
  <div
    style={
      Object {
        "borderBottomColor": "#aaa",
        "borderBottomStyle": "solid",
        "marginBottom": 10,
        "paddingBottom": 10,
      }
    }
  >
    <div
      style={
        Object {
          "fontWeight": "bold",
        }
      }
    />
    <div
      style={
        Object {
          "color": "#888",
          "fontSize": "0.85em",
        }
      }
    >
      Invalid Date
    </div>
    <div>
      <a
        href={undefined}
      >
         
      </a>
    </div>
    <div>
      <div
        style={
          Object {
            "paddingLeft": 20,
          }
        }
      />
    </div>
  </div>
  <div
    style={
      Object {
        "borderBottomColor": "#aaa",
        "borderBottomStyle": "solid",
        "marginBottom": 10,
        "paddingBottom": 10,
      }
    }
  >
    <div
      style={
        Object {
          "fontWeight": "bold",
        }
      }
    />
    <div
      style={
        Object {
          "color": "#888",
          "fontSize": "0.85em",
        }
      }
    >
      Invalid Date
    </div>
    <div>
      <a
        href={undefined}
      >
         
      </a>
    </div>
    <div>
      <div
        style={
          Object {
            "paddingLeft": 20,
          }
        }
      />
    </div>
  </div>
</div>
`;
